
═══════════════════════════════════════════════════════════════════════════════
                        SLACK RAG BOT TEST REPORT
═══════════════════════════════════════════════════════════════════════════════

Generated on: 12/7/2025, 10:38:56 am

SUMMARY:
--------
Total Queries Sent:     3
Valid Responses:        1 (33%)
Error Responses:        0 (0%)
Timeouts:               2 (67%)

DETAILED RESULTS:
-----------------

1. ✅ SUCCESS
Query: List all the documents that are not scanned
Response: List all the documents that are not scanned
────────────────────────────────────────────────────────────────────────────────

2. ⏱️ TIMEOUT
Query: List all the documents for supplier Stationary
Response: No response received (timeout)
────────────────────────────────────────────────────────────────────────────────

3. ⏱️ TIMEOUT
Query: List all the documents for supplier Stationary of Me
Response: No response received (timeout)
────────────────────────────────────────────────────────────────────────────────

═══════════════════════════════════════════════════════════════════════════════
                              END OF REPORT
═══════════════════════════════════════════════════════════════════════════════
